18:52:48 **** Incremental Build of configuration Debug for project FFT_demo_AXIS ****
make all 
'Building file: ../src/main.c'
'Invoking: MicroBlaze gcc compiler'
mb-gcc -Wall -O0 -g3 -c -fmessage-length=0 -MT"src/main.o" -IC:/Users/etipr/Projet_autotune_FPGA/Atelier_FFT/Vitis_projet3/design_1_wrapper/export/design_1_wrapper/sw/design_1_wrapper/standalone_microblaze_0/bspinclude/include -mlittle-endian -mno-xl-soft-div -mcpu=v11.0 -mno-xl-soft-mul -mhard-float -mxl-float-convert -mxl-float-sqrt -Wl,--no-relax -ffunction-sections -fdata-sections -MMD -MP -MF"src/main.d" -MT"src/main.o" -o "src/main.o" "../src/main.c"
'Finished building: ../src/main.c'
' '
'Building target: FFT_demo_AXIS.elf'
'Invoking: MicroBlaze gcc linker'
mb-gcc -Xlinker -Map=output.map -Wl,-T -Wl,../src/lscript.ld -LC:/Users/etipr/Projet_autotune_FPGA/Atelier_FFT/Vitis_projet3/design_1_wrapper/export/design_1_wrapper/sw/design_1_wrapper/standalone_microblaze_0/bsplib/lib -mlittle-endian -mno-xl-soft-div -mcpu=v11.0 -mno-xl-soft-mul -mhard-float -mxl-float-convert -mxl-float-sqrt -Wl,--no-relax -Wl,--gc-sections -o "FFT_demo_AXIS.elf"  ./src/FIFO_FFT_driver.o ./src/fft.o ./src/main.o ./src/uart.o   -Wl,--start-group,-lxil,-lgcc,-lc,--end-group
'Finished building target: FFT_demo_AXIS.elf'
' '
'Invoking: MicroBlaze Print Size'
mb-size FFT_demo_AXIS.elf  |tee "FFT_demo_AXIS.elf.size"
   text	   data	    bss	    dec	    hex	filename
  37808	   3524	  20020	  61352	   efa8	FFT_demo_AXIS.elf
'Finished building: FFT_demo_AXIS.elf.size'
' '

18:52:50 Build Finished (took 1s.237ms)

